1e12A_fasta_fastaalg
LLSSSLWVNVALAGIAILVFVYMGRTIRPGRPRLIWGATLMIPLVSISSYLGLLSGLTVGMIEMPAGHALAGEMVRSQWGRYLTWALSTPMILLALGLLADVDLGSLFTVIAADIGMCVTGLAAAMTTSALLFRWAFYAISCAFFVVVLSALVTDWAASASSAGTAEIFDTLRVLTVVLWLGYPIVWAVGVEGLALVQSVGATSWAYSVLDVFAKYVFAFILLRWVANNERTVAV
ebeebbeebbeebeebbeebeebbeebeeeebeebbebbbebbebbbebbebbeeeebbeebebbeebebeeeebebbebbbebbeebbbbbbebbbebbebeeebbeebbebbebbbebbbbbbebeeebeebeeebeebeeebeebbebbeeebbebbeebebbebbeebbeebbebbebbbebbbebbbbebeeeebbebbeebbebbbebbbebbebbbebbeeeeeebbe
